
> @workspace/gusto-pos@0.0.3 build /Users/McKinneyMakesMedia/Desktop/dev/GustoPOS-Curtis/GustoPOS/artifacts/gusto-pos
> vite build --config vite.config.ts

vite v7.3.1 building client environment for production...
transforming...
src/components/ui/tooltip.tsx (2:0): Error when using sourcemap for reporting an error: Can't resolve original location of error.
✓ 23 modules transformed.

PWA v0.21.2
mode      generateSW
precache  13 entries (4148.79 KiB)
files generated
  dist/public/sw.js
  dist/public/workbox-4443ceab.js
✗ Build failed in 3.39s
error during build:
[vite-plugin-pwa:build] [plugin vite-plugin-pwa:build] src/pages/Drinks.tsx (475:28): There was an error during the build:
  Transform failed with 2 errors:
/Users/McKinneyMakesMedia/Desktop/dev/GustoPOS-Curtis/GustoPOS/artifacts/gusto-pos/src/pages/Drinks.tsx:475:28: ERROR: Unexpected closing "td" tag does not match opening "tr" tag
/Users/McKinneyMakesMedia/Desktop/dev/GustoPOS-Curtis/GustoPOS/artifacts/gusto-pos/src/pages/Drinks.tsx:476:30: ERROR: Expected ")" but found "className"
Additionally, handling the error in the 'buildEnd' hook caused the following error:
  Transform failed with 2 errors:
/Users/McKinneyMakesMedia/Desktop/dev/GustoPOS-Curtis/GustoPOS/artifacts/gusto-pos/src/pages/Drinks.tsx:475:28: ERROR: Unexpected closing "td" tag does not match opening "tr" tag
/Users/McKinneyMakesMedia/Desktop/dev/GustoPOS-Curtis/GustoPOS/artifacts/gusto-pos/src/pages/Drinks.tsx:476:30: ERROR: Expected ")" but found "className"
file: /Users/McKinneyMakesMedia/Desktop/dev/GustoPOS-Curtis/GustoPOS/artifacts/gusto-pos/src/pages/Drinks.tsx:475:28

Unexpected closing "td" tag does not match opening "tr" tag
473 |                                  .join(", ")}
474 |                              </div>
475 |                            </td>
    |                              ^
476 |                            <td className="p-4 text-muted-foreground capitalize">
477 |                              {drink.category}

Expected ")" but found "className"
474 |                              </div>
475 |                            </td>
476 |                            <td className="p-4 text-muted-foreground capitalize">
    |                                ^
477 |                              {drink.category}
478 |                            </td>

    at getRollupError (file:///Users/McKinneyMakesMedia/Desktop/dev/GustoPOS-Curtis/GustoPOS/node_modules/.pnpm/rollup@4.60.1/node_modules/rollup/dist/es/shared/parseAst.js:406:41)
    at file:///Users/McKinneyMakesMedia/Desktop/dev/GustoPOS-Curtis/GustoPOS/node_modules/.pnpm/rollup@4.60.1/node_modules/rollup/dist/es/shared/node-entry.js:23863:39
    at process.processTicksAndRejections (node:internal/process/task_queues:104:5)
    at async catchUnfinishedHookActions (file:///Users/McKinneyMakesMedia/Desktop/dev/GustoPOS-Curtis/GustoPOS/node_modules/.pnpm/rollup@4.60.1/node_modules/rollup/dist/es/shared/node-entry.js:23321:16)
    at async rollupInternal (file:///Users/McKinneyMakesMedia/Desktop/dev/GustoPOS-Curtis/GustoPOS/node_modules/.pnpm/rollup@4.60.1/node_modules/rollup/dist/es/shared/node-entry.js:23846:5)
    at async buildEnvironment (file:///Users/McKinneyMakesMedia/Desktop/dev/GustoPOS-Curtis/GustoPOS/node_modules/.pnpm/vite@7.3.1_@types+node@25.5.0_jiti@2.6.1_lightningcss@1.32.0_terser@5.46.1_tsx@4.21.0_yaml@2.8.3/node_modules/vite/dist/node/chunks/config.js:33541:12)
    at async Object.build (file:///Users/McKinneyMakesMedia/Desktop/dev/GustoPOS-Curtis/GustoPOS/node_modules/.pnpm/vite@7.3.1_@types+node@25.5.0_jiti@2.6.1_lightningcss@1.32.0_terser@5.46.1_tsx@4.21.0_yaml@2.8.3/node_modules/vite/dist/node/chunks/config.js:33900:19)
    at async Object.buildApp (file:///Users/McKinneyMakesMedia/Desktop/dev/GustoPOS-Curtis/GustoPOS/node_modules/.pnpm/vite@7.3.1_@types+node@25.5.0_jiti@2.6.1_lightningcss@1.32.0_terser@5.46.1_tsx@4.21.0_yaml@2.8.3/node_modules/vite/dist/node/chunks/config.js:33897:153)
    at async CAC.<anonymous> (file:///Users/McKinneyMakesMedia/Desktop/dev/GustoPOS-Curtis/GustoPOS/node_modules/.pnpm/vite@7.3.1_@types+node@25.5.0_jiti@2.6.1_lightningcss@1.32.0_terser@5.46.1_tsx@4.21.0_yaml@2.8.3/node_modules/vite/dist/node/cli.js:629:3)
/Users/McKinneyMakesMedia/Desktop/dev/GustoPOS-Curtis/GustoPOS/artifacts/gusto-pos:
 ERR_PNPM_RECURSIVE_RUN_FIRST_FAIL  @workspace/gusto-pos@0.0.3 build: `vite build --config vite.config.ts`
Exit status 1
